[2026-09-04] 新增 docs/PRODUCT_REQUIREMENTS.md，整理 AI 文案改写协作平台的产品目标、角色、核心流程、功能范围、MVP 验收标准及待讨论问题。
[2026-09-04] 更新需求文档至 0.2：明确抖音口播稿场景、成员数据隔离、管理员注册账号、成员独立 Key 与请求地址、改写前创作设置、选区保留、局部改写和手工版本编辑。
[2026-09-04] 修正首版与后续版本范围冲突，并补充创作设置、选区操作和手工编辑验收标准。
[2026-09-04] 更新需求文档至 0.3：禁止管理员查看成员正文，Key 长期加密保存，模型列表由管理员维护，文案长度统一按字数设置。
[2026-09-04] 更新需求文档至 0.4：确认七部分提示词、预设加自定义设置、个人创作预设、目标字数快捷项、20,000 字原文上限、单成员单 AI 任务及不限修改轮数。
[2026-09-04] 更新需求文档至 0.5：确认七模块结构分析、5～8 条分级优化建议，以及支持段落操作的纯文本成品编辑器。
[2026-09-04] 更新需求文档至 0.6：将顶层对象统一为改写任务，移除第一版重新生成，保留旧任务查看；确认追溯数据保存、TXT/Markdown 导出及移动端轻量能力。
[2026-09-05] 建立 FastAPI、SQLAlchemy、PostgreSQL、Redis 与 Vue 3 工程骨架，完成身份、任务、AI、版本、片段锁定、预设、定稿和导出模块。
[2026-09-05] 新增初始数据库迁移与 AI operation 迁移；接入成员级 Redis 调用锁、请求幂等、失败/取消/陈旧任务恢复及任务写操作互斥。
[2026-09-05] 完成成员独立 Provider 配置、API Key 加密、管理员账号和模型管理、安全的首管理员初始化命令。
[2026-09-05] 加固 Provider URL 公网校验、生产 HTTPS、Redis 登录限速、统一登录错误及最后管理员保护。
[2026-09-05] 前端从模拟数据切换为真实 REST API，完成任务流程、七模块分析、建议选择与备注、第一版生成、多轮修改、自动草稿、版本/锁恢复、差异对比、定稿和 TXT/Markdown 导出。
[2026-09-05] 完成个人预设、旧任务复制、草稿任务编辑、密码修改和 Provider 删除界面；桌面与 390px 手机视口完成构建和溢出检查。
[2026-09-05] 新增显式开发环境单进程协调模式和 SQLite 迁移兼容，使 Docker/Redis 不可用时仍可进行本地完整功能验证；生产环境禁止内存协调模式。
[2026-09-05] 输出规格新增“跟随原文”长度模式；该模式随个人创作预设和任务长期保存，并在 AI 提示词中要求成稿篇幅与原文大致相当。
[2026-09-05] 修复个人创作预设保存时序：新建后保留名称，显示未保存修改，并在创建或保存草稿任务前自动同步当前所选预设。
[2026-09-07] 修复开发环境默认登录密码：登录页改为读取 Git 忽略的本地开发配置，移除错误的硬编码密码，生产构建默认不填充登录凭据。
[2026-09-07] 修复 SQLite 下保存请求已提交却返回 500：任务模块所有返回写入资源的接口在提交后刷新 ORM 对象，避免 updated_at 序列化触发 MissingGreenlet。
[2026-09-07] 按产品调整移除模型管理：删除管理员页面、导航、前端管理请求及后端 `/admin/models` 增删改查接口；保留成员系统设置所需的只读模型列表。
[2026-09-07] 默认模型改为手动输入：前后端直接保存和调用模型名称，校验空白及长度，移除只读模型列表及目录依赖；新增迁移将旧配置转换为实际模型名称，保留个人密钥和请求地址。
[2026-09-07] 修复双列表单提示文字造成的输入框拉伸，统一等宽并顶部对齐；成员管理与普通菜单增加间隔，账户区域移除无功能的下拉图标和按钮语义。
[2026-09-07] 同步模型配置相关需求、架构及 API 文档；后端 120 项、前端 4 项测试及生产构建通过，验证迁移升级/回退和 390/723/1280px 响应式布局；备份本地数据库后应用迁移并重启后端。
[2026-09-07] 排查结构分析失败：SummonAI 请求地址缺少 /v1，服务返回 HTTP 200 HTML 网页。AI 调用和连接测试新增明确的 API 地址错误提示，避免误报为模型结果格式错误并建议无效重试。
[2026-09-07] 修正地址后实测结构分析触发 90 秒读取超时；模型响应等待调整为 180 秒，并单独限制建连 10 秒、写入 30 秒及连接池等待 10 秒。
[2026-09-07] 结构化诊断提示词升级 v2：同时声明 JSON Schema 和编号一致性，区分诊断输出与成品篇幅要求；结构分析合并功能段、缩短引文与结论，减少长文输出耗时。
[2026-09-07] 123 项后端测试及 Ruff 检查通过；已备份并修正当前成员 SummonAI 地址为 /v1，保留密钥和模型；真实 2382 字任务结构分析成功，七个模块已展示，可继续生成优化方案。
[2026-09-07] 结构分析按用户要求仅传“根据原文整理出来一个文案结构，逐条分析”和原文，移除创作设置、补充说明及固定 JSON 限制；新增文本分析存储/展示，关联适配优化方案、第一版及历史分析读取，提示词版本更新为 v3。
[2026-09-07] 侧边栏新增可记忆状态的桌面图标折叠模式和图标名称提示；退出登录新增确认弹窗，支持取消、Escape 和点击遮罩关闭，确认后才清除登录状态。
[2026-09-07] 验证单句分析请求、文本保存及后续方案/成品流程、历史分析兼容、退出确认和折叠记忆；前端 7 项测试及生产构建通过，后端 125 项全量测试和新增历史分析读取测试通过；浏览器验证 1262px 图标栏及 390px 手机菜单/弹窗，后端已重启加载新逻辑。
[2026-09-07] 系统设置新增服务器响应时长限制（整数 10–600 秒，默认 240 秒），按成员保存；新增仅更新时间的 PATCH 接口，无需重输密钥，迁移为已有连接填入 240 秒。
[2026-09-07] AI 请求及连接测试使用配置的总响应期限，超时取消请求；同步延长 Redis 锁租期为 660 秒、过期任务恢复与前端轮询等待为 720 秒，避免较长请求提前失去保护；更新 API 和架构文档。
[2026-09-07] 后端 138 项测试、前端 9 项测试及生产构建通过，覆盖默认值、时间修改与权限隔离、请求超时取消、运行时配置传递及迁移升级/回退。
[2026-09-07] 已备份本地 SQLite、应用超时字段迁移并重启 8000 端口后端；浏览器验证免密钥保存 300 秒及重新加载、非法范围禁止保存、1262px/390px 布局，验证后恢复并保存为 240 秒。
[2026-09-07 23:50] AI 提交改为 HTTP 202 持久化队列，保存请求参数并由后端生命周期 worker 独立执行；按成员 FIFO 串行，不同成员可并行，Redis 租约、条件领取和单文案活动任务唯一索引防止重复执行；排队期间冻结内容修改，排队时间不计入模型响应期限。
[2026-09-07 23:50] 新增队列列表、取消排队及失败重试接口；队列跨页面/浏览器刷新继续运行，服务重启恢复待执行任务，中断的运行任务明确标记取消或超时失败，由用户重试；同成员前项失败不阻塞后项。
[2026-09-07 23:50] 前端新增全局任务状态 store 和右下角可收起任务中心，显示排队、执行耗时、完成/失败通知及文案入口；工作台按原任务 ID 回填，忽略跨页面和跨登录的迟到响应，任务列表同步排队/执行状态；删除页面内长时间等待模型结果的请求流程。
[2026-09-07 23:50] 后端 145 项、前端 15 项测试和生产构建通过；Playwright 模拟完整验证提交、切换设置、刷新、切换另一文案、完成回填及 1262px/390px 布局，未调用真实模型；已备份本地数据库并应用迁移 e064b2c8d315，8000 端口后端健康检查正常。
[2026-09-08] 优化方案新增“继续优化方案”，保留已勾选记录、内容和成员备注，仅替换未勾选项；全部固定后禁用继续优化，两类生成操作沿用后台持久化队列。
[2026-09-08] 成品默认按句点击标绿/取消保留，新增“再次生成”，修改要求可空；锁定逐字及标点保留，允许位置和相对顺序随文章结构调整，重复句按次数校验，锁定状态跨版本和刷新恢复。
[2026-09-08] 提示词更新 v4；保留校验失败时拒绝保存模型结果，手动编辑须先解锁受影响文字；编辑后锁定/生成前自动保存新版本，统一 Unicode 码点偏移，修复方案备注输入框误用复选框样式。
[2026-09-08] 后端 149 项测试、前端 20 项测试、生产构建及 2 项 Playwright 流程测试通过；模拟验证连续优化、已选方案不变、编辑自动存版、句子移位和刷新恢复，并检查 723/1262/390px 页面布局，未调用真实模型。
[2026-09-08] 确认无排队/运行任务后重启本地 8000 端口后端，健康检查正常；实际工作台已显示按句锁定及再次生成入口，保留现有文案内容。
[2026-09-08] 整理仓库提交边界：移除前端 Vite 模板说明，补充 Python 虚拟环境创建、前端运行命令及本地产物忽略规则；运行日志默认忽略，仅保留根目录开发变更日志；确认源码、迁移、文档和锁文件可直接作为首次 Git 提交内容。
[2026-09-11] 修复普通 HTTP 页面无法使用 crypto.randomUUID 时 AI 操作提交失败：依次回退到 getRandomValues 和本地 UUID v4 生成；新增兼容性测试及前后端 systemd 部署模板；类型检查、前端 21 项测试及生产构建通过。
[2026-09-11] 修复手机版优化方案连续多选被全局保存状态阻断；第一版后新增按当前优化方案生成新版本，重新读取原文、分析、最新已选方案、补充要求及保留句，并保留版本父子关系；后端 152 项、前端 22 项、390px 浏览器流程、Ruff 及生产构建通过。
[2026-09-11] 补充服务器部署资产：纳入当前 Ubuntu 主机使用的前后端 systemd 服务配置，新增环境准备、依赖安装、构建、数据库备份与迁移、服务验证、日志及回滚说明，并在根 README 增加入口。
[2026-09-11] 修复手机版方案保存期间无法取消勾选：移除单项交互禁用，按方案串行保存连续变更并以最后一次选择为准；方案相关生成操作等待全部选择落库后再启用。
